
===========================================================================
 report_power
============================================================================
======================= Fastest Corner ===================================

Group                  Internal  Switching    Leakage      Total
                          Power      Power      Power      Power (Watts)
----------------------------------------------------------------
Sequential             1.97e-05   1.60e-06   5.79e-11   2.13e-05  22.8%
Combinational          1.85e-06   8.48e-07   3.52e-11   2.70e-06   2.9%
Clock                  5.86e-05   1.09e-05   2.54e-10   6.95e-05  74.3%
Macro                  0.00e+00   0.00e+00   0.00e+00   0.00e+00   0.0%
Pad                    0.00e+00   0.00e+00   0.00e+00   0.00e+00   0.0%
----------------------------------------------------------------
Total                  8.02e-05   1.33e-05   3.47e-10   9.35e-05 100.0%
                          85.8%      14.2%       0.0%

======================= Slowest Corner ===================================

Group                  Internal  Switching    Leakage      Total
                          Power      Power      Power      Power (Watts)
----------------------------------------------------------------
Sequential             1.34e-05   1.04e-06   5.62e-08   1.45e-05  22.3%
Combinational          1.32e-06   5.45e-07   7.24e-08   1.94e-06   3.0%
Clock                  4.13e-05   7.05e-06   5.71e-08   4.84e-05  74.7%
Macro                  0.00e+00   0.00e+00   0.00e+00   0.00e+00   0.0%
Pad                    0.00e+00   0.00e+00   0.00e+00   0.00e+00   0.0%
----------------------------------------------------------------
Total                  5.60e-05   8.64e-06   1.86e-07   6.49e-05 100.0%
                          86.4%      13.3%       0.3%

======================= Typical Corner ===================================

Group                  Internal  Switching    Leakage      Total
                          Power      Power      Power      Power (Watts)
----------------------------------------------------------------
Sequential             1.70e-05   1.34e-06   3.29e-11   1.84e-05  22.7%
Combinational          1.63e-06   7.04e-07   4.31e-11   2.33e-06   2.9%
Clock                  5.09e-05   9.13e-06   9.92e-11   6.00e-05  74.4%
Macro                  0.00e+00   0.00e+00   0.00e+00   0.00e+00   0.0%
Pad                    0.00e+00   0.00e+00   0.00e+00   0.00e+00   0.0%
----------------------------------------------------------------
Total                  6.95e-05   1.12e-05   1.75e-10   8.07e-05 100.0%
                          86.2%      13.8%       0.0%

