
===========================================================================
 report_power
============================================================================
======================= Fastest Corner ===================================

Group                  Internal  Switching    Leakage      Total
                          Power      Power      Power      Power (Watts)
----------------------------------------------------------------
Sequential             1.97e-05   1.71e-06   5.79e-11   2.14e-05  22.8%
Combinational          1.86e-06   9.36e-07   3.52e-11   2.80e-06   3.0%
Clock                  5.86e-05   1.13e-05   2.54e-10   6.99e-05  74.3%
Macro                  0.00e+00   0.00e+00   0.00e+00   0.00e+00   0.0%
Pad                    0.00e+00   0.00e+00   0.00e+00   0.00e+00   0.0%
----------------------------------------------------------------
Total                  8.02e-05   1.39e-05   3.47e-10   9.41e-05 100.0%
                          85.2%      14.8%       0.0%

======================= Slowest Corner ===================================

Group                  Internal  Switching    Leakage      Total
                          Power      Power      Power      Power (Watts)
----------------------------------------------------------------
Sequential             1.34e-05   1.11e-06   5.62e-08   1.46e-05  22.3%
Combinational          1.32e-06   6.04e-07   7.24e-08   2.00e-06   3.1%
Clock                  4.14e-05   7.35e-06   5.71e-08   4.88e-05  74.7%
Macro                  0.00e+00   0.00e+00   0.00e+00   0.00e+00   0.0%
Pad                    0.00e+00   0.00e+00   0.00e+00   0.00e+00   0.0%
----------------------------------------------------------------
Total                  5.61e-05   9.06e-06   1.86e-07   6.53e-05 100.0%
                          85.8%      13.9%       0.3%

======================= Typical Corner ===================================

Group                  Internal  Switching    Leakage      Total
                          Power      Power      Power      Power (Watts)
----------------------------------------------------------------
Sequential             1.70e-05   1.43e-06   3.29e-11   1.84e-05  22.7%
Combinational          1.63e-06   7.79e-07   4.31e-11   2.41e-06   3.0%
Clock                  5.09e-05   9.50e-06   9.92e-11   6.04e-05  74.3%
Macro                  0.00e+00   0.00e+00   0.00e+00   0.00e+00   0.0%
Pad                    0.00e+00   0.00e+00   0.00e+00   0.00e+00   0.0%
----------------------------------------------------------------
Total                  6.96e-05   1.17e-05   1.75e-10   8.13e-05 100.0%
                          85.6%      14.4%       0.0%

