
===========================================================================
 report_power
============================================================================
======================= Fastest Corner ===================================

Group                  Internal  Switching    Leakage      Total
                          Power      Power      Power      Power (Watts)
----------------------------------------------------------------
Sequential             1.90e-03   1.04e-02   3.30e-08   1.23e-02  19.6%
Combinational          4.70e-03   4.25e-02   3.19e-07   4.73e-02  75.4%
Clock                  1.22e-03   1.92e-03   4.18e-07   3.14e-03   5.0%
Macro                  0.00e+00   0.00e+00   0.00e+00   0.00e+00   0.0%
Pad                    0.00e+00   0.00e+00   0.00e+00   0.00e+00   0.0%
----------------------------------------------------------------
Total                  7.83e-03   5.48e-02   7.70e-07   6.27e-02 100.0%
                          12.5%      87.5%       0.0%

======================= Slowest Corner ===================================

Group                  Internal  Switching    Leakage      Total
                          Power      Power      Power      Power (Watts)
----------------------------------------------------------------
Sequential             1.29e-03   7.04e-03   1.84e-05   8.35e-03  19.6%
Combinational          3.11e-03   2.89e-02   7.95e-05   3.21e-02  75.4%
Clock                  8.70e-04   1.28e-03   5.75e-06   2.15e-03   5.1%
Macro                  0.00e+00   0.00e+00   0.00e+00   0.00e+00   0.0%
Pad                    0.00e+00   0.00e+00   0.00e+00   0.00e+00   0.0%
----------------------------------------------------------------
Total                  5.28e-03   3.72e-02   1.04e-04   4.26e-02 100.0%
                          12.4%      87.4%       0.2%

======================= Typical Corner ===================================

Group                  Internal  Switching    Leakage      Total
                          Power      Power      Power      Power (Watts)
----------------------------------------------------------------
Sequential             1.63e-03   8.87e-03   9.90e-09   1.05e-02  19.6%
Combinational          3.92e-03   3.64e-02   5.34e-08   4.03e-02  75.4%
Clock                  1.06e-03   1.63e-03   4.06e-07   2.69e-03   5.0%
Macro                  0.00e+00   0.00e+00   0.00e+00   0.00e+00   0.0%
Pad                    0.00e+00   0.00e+00   0.00e+00   0.00e+00   0.0%
----------------------------------------------------------------
Total                  6.61e-03   4.69e-02   4.69e-07   5.35e-02 100.0%
                          12.4%      87.6%       0.0%

