
===========================================================================
report_checks -unconstrained
===========================================================================
======================= Typical Corner ===================================

Startpoint: _08979_ (rising edge-triggered flip-flop clocked by core_clock)
Endpoint: _09600_ (rising edge-triggered flip-flop clocked by core_clock)
Path Group: core_clock
Path Type: max

Fanout     Cap    Slew   Delay    Time   Description
-----------------------------------------------------------------------------
                  0.00    0.00    0.00   clock core_clock (rise edge)
                          0.00    0.00   clock network delay (ideal)
                  0.00    0.00    0.00 ^ _08979_/CLK (sky130_fd_sc_hd__dfxtp_4)
     3    0.28    0.78    0.81    0.81 ^ _08979_/Q (sky130_fd_sc_hd__dfxtp_4)
                                         _00008_ (net)
                  0.78    0.00    0.81 ^ wire2003/A (sky130_fd_sc_hd__buf_12)
     2    0.19    0.19    0.26    1.07 ^ wire2003/X (sky130_fd_sc_hd__buf_12)
                                         net2003 (net)
                  0.27    0.09    1.15 ^ _04664_/A (sky130_fd_sc_hd__clkbuf_16)
    10    0.64    0.62    0.45    1.61 ^ _04664_/X (sky130_fd_sc_hd__clkbuf_16)
                                         _01323_ (net)
                  0.76    0.23    1.83 ^ _04675_/S0 (sky130_fd_sc_hd__mux4_2)
     1    0.09    0.29    0.83    2.66 v _04675_/X (sky130_fd_sc_hd__mux4_2)
                                         _01334_ (net)
                  0.30    0.04    2.71 v wire1360/A (sky130_fd_sc_hd__buf_12)
     1    0.14    0.06    0.27    2.97 v wire1360/X (sky130_fd_sc_hd__buf_12)
                                         net1360 (net)
                  0.19    0.09    3.06 v wire1359/A (sky130_fd_sc_hd__buf_12)
     1    0.14    0.06    0.22    3.29 v wire1359/X (sky130_fd_sc_hd__buf_12)
                                         net1359 (net)
                  0.19    0.09    3.38 v _04677_/A0 (sky130_fd_sc_hd__mux2_8)
     1    0.09    0.11    0.43    3.81 v _04677_/X (sky130_fd_sc_hd__mux2_8)
                                         _01336_ (net)
                  0.14    0.04    3.86 v wire1253/A (sky130_fd_sc_hd__buf_12)
     1    0.23    0.08    0.22    4.07 v wire1253/X (sky130_fd_sc_hd__buf_12)
                                         net1253 (net)
                  0.47    0.23    4.30 v _04678_/A2 (sky130_fd_sc_hd__a21o_4)
     1    0.11    0.14    0.47    4.77 v _04678_/X (sky130_fd_sc_hd__a21o_4)
                                         _01337_ (net)
                  0.18    0.06    4.83 v wire1063/A (sky130_fd_sc_hd__buf_12)
     1    0.23    0.08    0.24    5.06 v wire1063/X (sky130_fd_sc_hd__buf_12)
                                         net1063 (net)
                  0.47    0.23    5.30 v _04679_/B1 (sky130_fd_sc_hd__a21o_4)
     1    0.07    0.11    0.42    5.72 v _04679_/X (sky130_fd_sc_hd__a21o_4)
                                         _01338_ (net)
                  0.12    0.02    5.74 v wire900/A (sky130_fd_sc_hd__buf_12)
     1    0.23    0.08    0.21    5.95 v wire900/X (sky130_fd_sc_hd__buf_12)
                                         net900 (net)
                  0.47    0.23    6.18 v _04680_/C (sky130_fd_sc_hd__and3_4)
     1    0.06    0.10    0.44    6.62 v _04680_/X (sky130_fd_sc_hd__and3_4)
                                         _01339_ (net)
                  0.10    0.02    6.64 v _04681_/A (sky130_fd_sc_hd__clkbuf_16)
     6    0.37    0.17    0.25    6.89 v _04681_/X (sky130_fd_sc_hd__clkbuf_16)
                                         _01340_ (net)
                  0.43    0.19    7.09 v _04721_/B (sky130_fd_sc_hd__or4bb_4)
     1    0.13    0.26    0.84    7.93 v _04721_/X (sky130_fd_sc_hd__or4bb_4)
                                         _01380_ (net)
                  0.32    0.09    8.02 v _05127_/A (sky130_fd_sc_hd__or4_4)
     1    0.09    0.20    0.78    8.79 v _05127_/X (sky130_fd_sc_hd__or4_4)
                                         _01786_ (net)
                  0.22    0.04    8.84 v _05128_/A (sky130_fd_sc_hd__clkbuf_16)
     8    0.53    0.21    0.28    9.12 v _05128_/X (sky130_fd_sc_hd__clkbuf_16)
                                         _01787_ (net)
                  0.65    0.30    9.42 v _05174_/A (sky130_fd_sc_hd__buf_12)
     6    0.27    0.12    0.42    9.84 v _05174_/X (sky130_fd_sc_hd__buf_12)
                                         _01833_ (net)
                  0.21    0.08    9.92 v load_slew422/A (sky130_fd_sc_hd__buf_12)
     5    0.30    0.06    0.23   10.15 v load_slew422/X (sky130_fd_sc_hd__buf_12)
                                         net422 (net)
                  0.35    0.16   10.31 v _05306_/A (sky130_fd_sc_hd__nor2_8)
     3    0.12    0.44    0.45   10.76 ^ _05306_/Y (sky130_fd_sc_hd__nor2_8)
                                         _01965_ (net)
                  0.45    0.06   10.81 ^ _05307_/B (sky130_fd_sc_hd__or2_4)
     2    0.21    0.62    0.56   11.37 ^ _05307_/X (sky130_fd_sc_hd__or2_4)
                                         _01966_ (net)
                  0.63    0.07   11.44 ^ _05308_/B (sky130_fd_sc_hd__nand2_8)
     2    0.23    0.31    0.26   11.71 v _05308_/Y (sky130_fd_sc_hd__nand2_8)
                                         _01967_ (net)
                  0.56    0.23   11.93 v _05309_/B (sky130_fd_sc_hd__nor2_1)
     1    0.01    0.27    0.36   12.30 ^ _05309_/Y (sky130_fd_sc_hd__nor2_1)
                                         _01968_ (net)
                  0.27    0.00   12.30 ^ wire226/A (sky130_fd_sc_hd__buf_12)
     1    0.19    0.17    0.23   12.53 ^ wire226/X (sky130_fd_sc_hd__buf_12)
                                         net226 (net)
                  0.38    0.17   12.70 ^ _05310_/B1 (sky130_fd_sc_hd__a31o_1)
     1    0.01    0.11    0.20   12.90 ^ _05310_/X (sky130_fd_sc_hd__a31o_1)
                                         _01969_ (net)
                  0.11    0.00   12.90 ^ wire188/A (sky130_fd_sc_hd__buf_12)
     2    0.22    0.19    0.18   13.08 ^ wire188/X (sky130_fd_sc_hd__buf_12)
                                         net188 (net)
                  0.53    0.25   13.32 ^ _05340_/A0 (sky130_fd_sc_hd__mux2_8)
     2    0.32    0.44    0.44   13.76 ^ _05340_/X (sky130_fd_sc_hd__mux2_8)
                                         _01999_ (net)
                  0.79    0.32   14.08 ^ _05341_/B (sky130_fd_sc_hd__and2_4)
     1    0.18    0.48    0.54   14.62 ^ _05341_/X (sky130_fd_sc_hd__and2_4)
                                         _02000_ (net)
                  0.57    0.16   14.79 ^ _05428_/B1 (sky130_fd_sc_hd__o22a_4)
     1    0.18    0.49    0.52   15.31 ^ _05428_/X (sky130_fd_sc_hd__o22a_4)
                                         _02087_ (net)
                  0.59    0.17   15.47 ^ _05445_/A2 (sky130_fd_sc_hd__a221oi_4)
     1    0.07    0.24    0.28   15.76 v _05445_/Y (sky130_fd_sc_hd__a221oi_4)
                                         _02104_ (net)
                  0.24    0.02   15.78 v wire93/A (sky130_fd_sc_hd__buf_8)
     1    0.08    0.06    0.24   16.02 v wire93/X (sky130_fd_sc_hd__buf_8)
                                         net93 (net)
                  0.08    0.03   16.05 v wire92/A (sky130_fd_sc_hd__buf_12)
     1    0.08    0.05    0.16   16.21 v wire92/X (sky130_fd_sc_hd__buf_12)
                                         net92 (net)
                  0.07    0.03   16.24 v _05482_/B1 (sky130_fd_sc_hd__o2bb2a_1)
     1    0.01    0.08    0.33   16.57 v _05482_/X (sky130_fd_sc_hd__o2bb2a_1)
                                         _02141_ (net)
                  0.08    0.00   16.57 v wire70/A (sky130_fd_sc_hd__buf_12)
     5    0.22    0.06    0.17   16.74 v wire70/X (sky130_fd_sc_hd__buf_12)
                                         net70 (net)
                  0.25    0.11   16.85 v wire68/A (sky130_fd_sc_hd__buf_12)
     2    0.17    0.07    0.24   17.09 v wire68/X (sky130_fd_sc_hd__buf_12)
                                         net68 (net)
                  0.15    0.06   17.15 v _05624_/B (sky130_fd_sc_hd__nor2_8)
     2    0.14    0.49    0.38   17.53 ^ _05624_/Y (sky130_fd_sc_hd__nor2_8)
                                         _02281_ (net)
                  0.52    0.09   17.62 ^ load_slew40/A (sky130_fd_sc_hd__buf_12)
     1    0.14    0.14    0.24   17.86 ^ load_slew40/X (sky130_fd_sc_hd__buf_12)
                                         net40 (net)
                  0.24    0.09   17.96 ^ _05639_/B1 (sky130_fd_sc_hd__o21a_4)
     2    0.18    0.54    0.46   18.42 ^ _05639_/X (sky130_fd_sc_hd__o21a_4)
                                         _02290_ (net)
                  0.61    0.15   18.57 ^ _05640_/B1 (sky130_fd_sc_hd__a31o_4)
     1    0.06    0.19    0.29   18.85 ^ _05640_/X (sky130_fd_sc_hd__a31o_4)
                                         _00004_ (net)
                  0.20    0.02   18.87 ^ wire10/A (sky130_fd_sc_hd__buf_12)
     1    0.23    0.19    0.24   19.11 ^ wire10/X (sky130_fd_sc_hd__buf_12)
                                         net10 (net)
                  0.54    0.25   19.36 ^ _09600_/D (sky130_fd_sc_hd__dfxtp_4)
                                 19.36   data arrival time

                  0.00   10.00   10.00   clock core_clock (rise edge)
                          0.00   10.00   clock network delay (ideal)
                          0.00   10.00   clock reconvergence pessimism
                                 10.00 ^ _09600_/CLK (sky130_fd_sc_hd__dfxtp_4)
                         -0.18    9.82   library setup time
                                  9.82   data required time
-----------------------------------------------------------------------------
                                  9.82   data required time
                                -19.36   data arrival time
-----------------------------------------------------------------------------
                                 -9.54   slack (VIOLATED)




===========================================================================
report_checks --slack_max -0.01
============================================================================
======================= Typical Corner ===================================

Startpoint: _08979_ (rising edge-triggered flip-flop clocked by core_clock)
Endpoint: _09600_ (rising edge-triggered flip-flop clocked by core_clock)
Path Group: core_clock
Path Type: max

Fanout     Cap    Slew   Delay    Time   Description
-----------------------------------------------------------------------------
                  0.00    0.00    0.00   clock core_clock (rise edge)
                          0.00    0.00   clock network delay (ideal)
                  0.00    0.00    0.00 ^ _08979_/CLK (sky130_fd_sc_hd__dfxtp_4)
     3    0.28    0.78    0.81    0.81 ^ _08979_/Q (sky130_fd_sc_hd__dfxtp_4)
                                         _00008_ (net)
                  0.78    0.00    0.81 ^ wire2003/A (sky130_fd_sc_hd__buf_12)
     2    0.19    0.19    0.26    1.07 ^ wire2003/X (sky130_fd_sc_hd__buf_12)
                                         net2003 (net)
                  0.27    0.09    1.15 ^ _04664_/A (sky130_fd_sc_hd__clkbuf_16)
    10    0.64    0.62    0.45    1.61 ^ _04664_/X (sky130_fd_sc_hd__clkbuf_16)
                                         _01323_ (net)
                  0.76    0.23    1.83 ^ _04675_/S0 (sky130_fd_sc_hd__mux4_2)
     1    0.09    0.29    0.83    2.66 v _04675_/X (sky130_fd_sc_hd__mux4_2)
                                         _01334_ (net)
                  0.30    0.04    2.71 v wire1360/A (sky130_fd_sc_hd__buf_12)
     1    0.14    0.06    0.27    2.97 v wire1360/X (sky130_fd_sc_hd__buf_12)
                                         net1360 (net)
                  0.19    0.09    3.06 v wire1359/A (sky130_fd_sc_hd__buf_12)
     1    0.14    0.06    0.22    3.29 v wire1359/X (sky130_fd_sc_hd__buf_12)
                                         net1359 (net)
                  0.19    0.09    3.38 v _04677_/A0 (sky130_fd_sc_hd__mux2_8)
     1    0.09    0.11    0.43    3.81 v _04677_/X (sky130_fd_sc_hd__mux2_8)
                                         _01336_ (net)
                  0.14    0.04    3.86 v wire1253/A (sky130_fd_sc_hd__buf_12)
     1    0.23    0.08    0.22    4.07 v wire1253/X (sky130_fd_sc_hd__buf_12)
                                         net1253 (net)
                  0.47    0.23    4.30 v _04678_/A2 (sky130_fd_sc_hd__a21o_4)
     1    0.11    0.14    0.47    4.77 v _04678_/X (sky130_fd_sc_hd__a21o_4)
                                         _01337_ (net)
                  0.18    0.06    4.83 v wire1063/A (sky130_fd_sc_hd__buf_12)
     1    0.23    0.08    0.24    5.06 v wire1063/X (sky130_fd_sc_hd__buf_12)
                                         net1063 (net)
                  0.47    0.23    5.30 v _04679_/B1 (sky130_fd_sc_hd__a21o_4)
     1    0.07    0.11    0.42    5.72 v _04679_/X (sky130_fd_sc_hd__a21o_4)
                                         _01338_ (net)
                  0.12    0.02    5.74 v wire900/A (sky130_fd_sc_hd__buf_12)
     1    0.23    0.08    0.21    5.95 v wire900/X (sky130_fd_sc_hd__buf_12)
                                         net900 (net)
                  0.47    0.23    6.18 v _04680_/C (sky130_fd_sc_hd__and3_4)
     1    0.06    0.10    0.44    6.62 v _04680_/X (sky130_fd_sc_hd__and3_4)
                                         _01339_ (net)
                  0.10    0.02    6.64 v _04681_/A (sky130_fd_sc_hd__clkbuf_16)
     6    0.37    0.17    0.25    6.89 v _04681_/X (sky130_fd_sc_hd__clkbuf_16)
                                         _01340_ (net)
                  0.43    0.19    7.09 v _04721_/B (sky130_fd_sc_hd__or4bb_4)
     1    0.13    0.26    0.84    7.93 v _04721_/X (sky130_fd_sc_hd__or4bb_4)
                                         _01380_ (net)
                  0.32    0.09    8.02 v _05127_/A (sky130_fd_sc_hd__or4_4)
     1    0.09    0.20    0.78    8.79 v _05127_/X (sky130_fd_sc_hd__or4_4)
                                         _01786_ (net)
                  0.22    0.04    8.84 v _05128_/A (sky130_fd_sc_hd__clkbuf_16)
     8    0.53    0.21    0.28    9.12 v _05128_/X (sky130_fd_sc_hd__clkbuf_16)
                                         _01787_ (net)
                  0.65    0.30    9.42 v _05174_/A (sky130_fd_sc_hd__buf_12)
     6    0.27    0.12    0.42    9.84 v _05174_/X (sky130_fd_sc_hd__buf_12)
                                         _01833_ (net)
                  0.21    0.08    9.92 v load_slew422/A (sky130_fd_sc_hd__buf_12)
     5    0.30    0.06    0.23   10.15 v load_slew422/X (sky130_fd_sc_hd__buf_12)
                                         net422 (net)
                  0.35    0.16   10.31 v _05306_/A (sky130_fd_sc_hd__nor2_8)
     3    0.12    0.44    0.45   10.76 ^ _05306_/Y (sky130_fd_sc_hd__nor2_8)
                                         _01965_ (net)
                  0.45    0.06   10.81 ^ _05307_/B (sky130_fd_sc_hd__or2_4)
     2    0.21    0.62    0.56   11.37 ^ _05307_/X (sky130_fd_sc_hd__or2_4)
                                         _01966_ (net)
                  0.63    0.07   11.44 ^ _05308_/B (sky130_fd_sc_hd__nand2_8)
     2    0.23    0.31    0.26   11.71 v _05308_/Y (sky130_fd_sc_hd__nand2_8)
                                         _01967_ (net)
                  0.56    0.23   11.93 v _05309_/B (sky130_fd_sc_hd__nor2_1)
     1    0.01    0.27    0.36   12.30 ^ _05309_/Y (sky130_fd_sc_hd__nor2_1)
                                         _01968_ (net)
                  0.27    0.00   12.30 ^ wire226/A (sky130_fd_sc_hd__buf_12)
     1    0.19    0.17    0.23   12.53 ^ wire226/X (sky130_fd_sc_hd__buf_12)
                                         net226 (net)
                  0.38    0.17   12.70 ^ _05310_/B1 (sky130_fd_sc_hd__a31o_1)
     1    0.01    0.11    0.20   12.90 ^ _05310_/X (sky130_fd_sc_hd__a31o_1)
                                         _01969_ (net)
                  0.11    0.00   12.90 ^ wire188/A (sky130_fd_sc_hd__buf_12)
     2    0.22    0.19    0.18   13.08 ^ wire188/X (sky130_fd_sc_hd__buf_12)
                                         net188 (net)
                  0.53    0.25   13.32 ^ _05340_/A0 (sky130_fd_sc_hd__mux2_8)
     2    0.32    0.44    0.44   13.76 ^ _05340_/X (sky130_fd_sc_hd__mux2_8)
                                         _01999_ (net)
                  0.79    0.32   14.08 ^ _05341_/B (sky130_fd_sc_hd__and2_4)
     1    0.18    0.48    0.54   14.62 ^ _05341_/X (sky130_fd_sc_hd__and2_4)
                                         _02000_ (net)
                  0.57    0.16   14.79 ^ _05428_/B1 (sky130_fd_sc_hd__o22a_4)
     1    0.18    0.49    0.52   15.31 ^ _05428_/X (sky130_fd_sc_hd__o22a_4)
                                         _02087_ (net)
                  0.59    0.17   15.47 ^ _05445_/A2 (sky130_fd_sc_hd__a221oi_4)
     1    0.07    0.24    0.28   15.76 v _05445_/Y (sky130_fd_sc_hd__a221oi_4)
                                         _02104_ (net)
                  0.24    0.02   15.78 v wire93/A (sky130_fd_sc_hd__buf_8)
     1    0.08    0.06    0.24   16.02 v wire93/X (sky130_fd_sc_hd__buf_8)
                                         net93 (net)
                  0.08    0.03   16.05 v wire92/A (sky130_fd_sc_hd__buf_12)
     1    0.08    0.05    0.16   16.21 v wire92/X (sky130_fd_sc_hd__buf_12)
                                         net92 (net)
                  0.07    0.03   16.24 v _05482_/B1 (sky130_fd_sc_hd__o2bb2a_1)
     1    0.01    0.08    0.33   16.57 v _05482_/X (sky130_fd_sc_hd__o2bb2a_1)
                                         _02141_ (net)
                  0.08    0.00   16.57 v wire70/A (sky130_fd_sc_hd__buf_12)
     5    0.22    0.06    0.17   16.74 v wire70/X (sky130_fd_sc_hd__buf_12)
                                         net70 (net)
                  0.25    0.11   16.85 v wire68/A (sky130_fd_sc_hd__buf_12)
     2    0.17    0.07    0.24   17.09 v wire68/X (sky130_fd_sc_hd__buf_12)
                                         net68 (net)
                  0.15    0.06   17.15 v _05624_/B (sky130_fd_sc_hd__nor2_8)
     2    0.14    0.49    0.38   17.53 ^ _05624_/Y (sky130_fd_sc_hd__nor2_8)
                                         _02281_ (net)
                  0.52    0.09   17.62 ^ load_slew40/A (sky130_fd_sc_hd__buf_12)
     1    0.14    0.14    0.24   17.86 ^ load_slew40/X (sky130_fd_sc_hd__buf_12)
                                         net40 (net)
                  0.24    0.09   17.96 ^ _05639_/B1 (sky130_fd_sc_hd__o21a_4)
     2    0.18    0.54    0.46   18.42 ^ _05639_/X (sky130_fd_sc_hd__o21a_4)
                                         _02290_ (net)
                  0.61    0.15   18.57 ^ _05640_/B1 (sky130_fd_sc_hd__a31o_4)
     1    0.06    0.19    0.29   18.85 ^ _05640_/X (sky130_fd_sc_hd__a31o_4)
                                         _00004_ (net)
                  0.20    0.02   18.87 ^ wire10/A (sky130_fd_sc_hd__buf_12)
     1    0.23    0.19    0.24   19.11 ^ wire10/X (sky130_fd_sc_hd__buf_12)
                                         net10 (net)
                  0.54    0.25   19.36 ^ _09600_/D (sky130_fd_sc_hd__dfxtp_4)
                                 19.36   data arrival time

                  0.00   10.00   10.00   clock core_clock (rise edge)
                          0.00   10.00   clock network delay (ideal)
                          0.00   10.00   clock reconvergence pessimism
                                 10.00 ^ _09600_/CLK (sky130_fd_sc_hd__dfxtp_4)
                         -0.18    9.82   library setup time
                                  9.82   data required time
-----------------------------------------------------------------------------
                                  9.82   data required time
                                -19.36   data arrival time
-----------------------------------------------------------------------------
                                 -9.54   slack (VIOLATED)




===========================================================================
 report_check_types -max_slew -max_cap -max_fanout -violators
============================================================================
======================= Typical Corner ===================================


max slew violations count Typical: 0
max fanout violations count Typical: 0
max cap violations count Typical: 0

===========================================================================
report_parasitic_annotation -report_unannotated
============================================================================
Found 2 unannotated drivers.
 clk
 cpu_2019/LO
Found 0 partially unannotated drivers.

===========================================================================
max slew violation count 0
max fanout violation count 0
max cap violation count 0
============================================================================

===========================================================================
check_setup -verbose -unconstrained_endpoints -multiple_clock -no_clock -no_input_delay -loops -generated_clocks
===========================================================================
Warning: There are 2 input ports missing set_input_delay.
  control
  reset
Warning: There are 8 unconstrained endpoints.
  an0
  display[0]
  display[1]
  display[2]
  display[3]
  display[4]
  display[5]
  display[6]
