
===========================================================================
report_checks -path_delay max (Setup)
============================================================================
======================= Typical Corner ===================================

Startpoint: _27_ (rising edge-triggered flip-flop clocked by core_clock)
Endpoint: _27_ (rising edge-triggered flip-flop clocked by core_clock)
Path Group: core_clock
Path Type: max

Fanout     Cap    Slew   Delay    Time   Description
-----------------------------------------------------------------------------
                  0.00    0.00    0.00   clock core_clock (rise edge)
                          0.00    0.00   clock network delay (ideal)
                  0.00    0.00    0.00 ^ _27_/CLK (sky130_fd_sc_hd__dfxtp_2)
     7    0.01    0.05    0.32    0.32 v _27_/Q (sky130_fd_sc_hd__dfxtp_2)
                                         count[1] (net)
                  0.05    0.00    0.32 v _14_/A (sky130_fd_sc_hd__or4bb_2)
     2    0.00    0.09    0.62    0.94 v _14_/X (sky130_fd_sc_hd__or4bb_2)
                                         _04_ (net)
                  0.09    0.00    0.94 v _17_/B (sky130_fd_sc_hd__and4b_2)
     1    0.00    0.04    0.22    1.16 v _17_/X (sky130_fd_sc_hd__and4b_2)
                                         _07_ (net)
                  0.04    0.00    1.16 v _18_/A (sky130_fd_sc_hd__buf_1)
     1    0.00    0.02    0.08    1.23 v _18_/X (sky130_fd_sc_hd__buf_1)
                                         _01_ (net)
                  0.02    0.00    1.23 v _27_/D (sky130_fd_sc_hd__dfxtp_2)
                                  1.23   data arrival time

                  0.00   10.00   10.00   clock core_clock (rise edge)
                          0.00   10.00   clock network delay (ideal)
                          0.00   10.00   clock reconvergence pessimism
                                 10.00 ^ _27_/CLK (sky130_fd_sc_hd__dfxtp_2)
                         -0.11    9.89   library setup time
                                  9.89   data required time
-----------------------------------------------------------------------------
                                  9.89   data required time
                                 -1.23   data arrival time
-----------------------------------------------------------------------------
                                  8.65   slack (MET)


Startpoint: _27_ (rising edge-triggered flip-flop clocked by core_clock)
Endpoint: _28_ (rising edge-triggered flip-flop clocked by core_clock)
Path Group: core_clock
Path Type: max

Fanout     Cap    Slew   Delay    Time   Description
-----------------------------------------------------------------------------
                  0.00    0.00    0.00   clock core_clock (rise edge)
                          0.00    0.00   clock network delay (ideal)
                  0.00    0.00    0.00 ^ _27_/CLK (sky130_fd_sc_hd__dfxtp_2)
     7    0.01    0.05    0.32    0.32 v _27_/Q (sky130_fd_sc_hd__dfxtp_2)
                                         count[1] (net)
                  0.05    0.00    0.32 v _14_/A (sky130_fd_sc_hd__or4bb_2)
     2    0.00    0.09    0.62    0.94 v _14_/X (sky130_fd_sc_hd__or4bb_2)
                                         _04_ (net)
                  0.09    0.00    0.94 v _21_/B (sky130_fd_sc_hd__and4b_2)
     1    0.00    0.04    0.22    1.16 v _21_/X (sky130_fd_sc_hd__and4b_2)
                                         _10_ (net)
                  0.04    0.00    1.16 v _22_/A (sky130_fd_sc_hd__buf_1)
     1    0.00    0.02    0.08    1.23 v _22_/X (sky130_fd_sc_hd__buf_1)
                                         _02_ (net)
                  0.02    0.00    1.23 v _28_/D (sky130_fd_sc_hd__dfxtp_2)
                                  1.23   data arrival time

                  0.00   10.00   10.00   clock core_clock (rise edge)
                          0.00   10.00   clock network delay (ideal)
                          0.00   10.00   clock reconvergence pessimism
                                 10.00 ^ _28_/CLK (sky130_fd_sc_hd__dfxtp_2)
                         -0.11    9.89   library setup time
                                  9.89   data required time
-----------------------------------------------------------------------------
                                  9.89   data required time
                                 -1.23   data arrival time
-----------------------------------------------------------------------------
                                  8.65   slack (MET)


Startpoint: _28_ (rising edge-triggered flip-flop clocked by core_clock)
Endpoint: _29_ (rising edge-triggered flip-flop clocked by core_clock)
Path Group: core_clock
Path Type: max

Fanout     Cap    Slew   Delay    Time   Description
-----------------------------------------------------------------------------
                  0.00    0.00    0.00   clock core_clock (rise edge)
                          0.00    0.00   clock network delay (ideal)
                  0.00    0.00    0.00 ^ _28_/CLK (sky130_fd_sc_hd__dfxtp_2)
     5    0.01    0.04    0.30    0.30 v _28_/Q (sky130_fd_sc_hd__dfxtp_2)
                                         count[2] (net)
                  0.04    0.00    0.30 v _24_/D (sky130_fd_sc_hd__and4_2)
     1    0.00    0.04    0.23    0.53 v _24_/X (sky130_fd_sc_hd__and4_2)
                                         _12_ (net)
                  0.04    0.00    0.53 v _25_/B1 (sky130_fd_sc_hd__a211oi_2)
     1    0.00    0.13    0.17    0.70 ^ _25_/Y (sky130_fd_sc_hd__a211oi_2)
                                         _03_ (net)
                  0.13    0.00    0.70 ^ _29_/D (sky130_fd_sc_hd__dfxtp_2)
                                  0.70   data arrival time

                  0.00   10.00   10.00   clock core_clock (rise edge)
                          0.00   10.00   clock network delay (ideal)
                          0.00   10.00   clock reconvergence pessimism
                                 10.00 ^ _29_/CLK (sky130_fd_sc_hd__dfxtp_2)
                         -0.08    9.92   library setup time
                                  9.92   data required time
-----------------------------------------------------------------------------
                                  9.92   data required time
                                 -0.70   data arrival time
-----------------------------------------------------------------------------
                                  9.22   slack (MET)


Startpoint: _26_ (rising edge-triggered flip-flop clocked by core_clock)
Endpoint: _26_ (rising edge-triggered flip-flop clocked by core_clock)
Path Group: core_clock
Path Type: max

Fanout     Cap    Slew   Delay    Time   Description
-----------------------------------------------------------------------------
                  0.00    0.00    0.00   clock core_clock (rise edge)
                          0.00    0.00   clock network delay (ideal)
                  0.00    0.00    0.00 ^ _26_/CLK (sky130_fd_sc_hd__dfxtp_2)
     8    0.02    0.11    0.35    0.35 ^ _26_/Q (sky130_fd_sc_hd__dfxtp_2)
                                         count[0] (net)
                  0.11    0.00    0.35 ^ _13_/A (sky130_fd_sc_hd__nor2_2)
     1    0.00    0.03    0.05    0.40 v _13_/Y (sky130_fd_sc_hd__nor2_2)
                                         _00_ (net)
                  0.03    0.00    0.40 v _26_/D (sky130_fd_sc_hd__dfxtp_2)
                                  0.40   data arrival time

                  0.00   10.00   10.00   clock core_clock (rise edge)
                          0.00   10.00   clock network delay (ideal)
                          0.00   10.00   clock reconvergence pessimism
                                 10.00 ^ _26_/CLK (sky130_fd_sc_hd__dfxtp_2)
                         -0.12    9.88   library setup time
                                  9.88   data required time
-----------------------------------------------------------------------------
                                  9.88   data required time
                                 -0.40   data arrival time
-----------------------------------------------------------------------------
                                  9.48   slack (MET)



worst slack corner Typical: 8.6526
